../Core/Src/main.c:108:6:disp_row	24	static
../Core/Src/main.c:167:6:draw_screen	16	static
../Core/Src/main.c:179:6:gameove	24	static
../Core/Src/main.c:188:6:gamebeg	24	static
../Core/Src/main.c:205:6:draw_hitbox	24	static
../Core/Src/main.c:229:6:jump_up	16	static
../Core/Src/main.c:246:6:draw_dino	8	static
../Core/Src/main.c:295:6:draw_cactus	24	static
../Core/Src/main.c:330:5:main	4064	static
../Core/Src/main.c:588:6:SystemClock_Config	88	static
../Core/Src/main.c:630:13:MX_ADC3_Init	24	static
../Core/Src/main.c:682:13:MX_SPI1_Init	8	static
../Core/Src/main.c:720:13:MX_TIM1_Init	80	static
../Core/Src/main.c:784:13:MX_TIM2_Init	48	static
../Core/Src/main.c:832:13:MX_TIM3_Init	48	static
../Core/Src/main.c:880:13:MX_TIM4_Init	48	static
../Core/Src/main.c:928:13:MX_TIM9_Init	40	static
../Core/Src/main.c:969:13:MX_TIM10_Init	8	static
../Core/Src/main.c:1000:13:MX_TIM12_Init	40	static
../Core/Src/main.c:1041:13:MX_GPIO_Init	40	static
../Core/Src/main.c:1090:6:Error_Handler	4	static,ignoring_inline_asm
